// Jest Snapshot v1, https://goo.gl/fbAQLP

exports[`Matches snapshot 1`] = `
<DocumentFragment>
  <form>
    <label
      for="task"
    >
      New Task
    </label>
    <input
      id="task"
      name="task"
      placeholder="todo"
      type="text"
      value=""
    />
    <button>
      Add Todo
    </button>
  </form>
</DocumentFragment>
`;
