// Jest Snapshot v1, https://goo.gl/fbAQLP

exports[`Match snapshot 1`] = `
<DocumentFragment>
  <div
    class="TodoList"
  >
    <h1
      class="TodoList-header"
    >
      Todo App
    </h1>
    <form>
      <label
        for="task"
      >
        New Task
      </label>
      <input
        id="task"
        name="task"
        placeholder="todo"
        type="text"
        value=""
      />
      <button>
        Add Todo
      </button>
    </form>
    <div
      class="TodoList-todos"
    >
      <ul />
    </div>
  </div>
</DocumentFragment>
`;
