// Jest Snapshot v1, https://goo.gl/fbAQLP

exports[`Should match snapshot 1`] = `
<DocumentFragment>
  <div
    class="Todo"
  >
    <li />
    <button>
      X
    </button>
  </div>
</DocumentFragment>
`;
